// Jest Snapshot v1, https://goo.gl/fbAQLP

exports[`edit profile-page Shows error view 1`] = `"<div class=\\"mainContainerLogin\\"><h1>An error has occurred</h1><div>Error: Error: Cannot load the desired page</div></div>"`;

exports[`edit profile-page shows information about a registered profile 1`] = `"<form class=\\"mainContainer\\"><h1>Edit an existing user (Bussen)</h1><div><label>First name: <input type=\\"text\\" value=\\"Bussen\\"></label></div><div><label>Last name: <input type=\\"text\\" value=\\"Akerbryggesson\\"></label></div><div><label>Email: <input type=\\"text\\" value=\\"192@jernbanetorget.no\\"></label></div><button>Submit</button></form>"`;

exports[`edit profile-page shows loading view 1`] = `"<div>Loading.....</div>"`;
