// Jest Snapshot v1, https://goo.gl/fbAQLP

exports[`shows loading view dom displays loading view 1`] = `"<div>Loading.....</div>"`;
